// Jest Snapshot v1, https://goo.gl/fbAQLP

exports[`Es hora de las Instantaneas Siempre Fallara 1`] = `
Object {
  "createAt": 2021-01-28T01:48:32.487Z,
  "id": 19,
}
`;

exports[`Es hora de las Instantaneas Snapshot 1`] = `
Object {
  "gender": "Male",
  "id": 1,
  "name": "Rick",
  "species": "Human",
  "status": "Alive",
}
`;

exports[`Es hora de las Instantaneas Tenemos una excepci√≥n dentro del codigo 1`] = `
Object {
  "id": Any<Number>,
  "name": "Camilo Araque",
}
`;
